2021-08-17 09:01:22   :7.605633802816897 때 들어갔습니다.
2021-08-17 09:01:22   :KRW-ELF 샀습니다.
2021-08-17 09:06:19   :KRW-ELF 팔았습니다.
2021-08-17 09:06:19   :이윤은 -5.305039787798407 입니다
2021-08-17 09:06:41   :6.197897789054011 때 들어갔습니다.
2021-08-17 09:06:41   :KRW-WAVES 샀습니다.
2021-08-17 09:25:11   :KRW-WAVES 팔았습니다.
2021-08-17 09:25:11   :이윤은 -5.035971223021576 입니다
2021-08-17 10:39:38   :5.101373446697181 때 들어갔습니다.
2021-08-17 10:39:38   :KRW-SRM 샀습니다.
2021-08-17 10:45:51   :KRW-SRM 팔았습니다.
2021-08-17 10:45:51   :이윤은 5.034182722187694 입니다
2021-08-17 14:28:31   :2.5423728813559308 때 들어갔습니다.
2021-08-17 14:28:31   :KRW-ELF 샀습니다.
2021-08-23 12:42:55   :5.333333333333329 때 들어갔습니다.
2021-08-23 12:42:55   :KRW-MOC 샀습니다.
2021-08-23 19:39:09   :8.333333333333329 때 들어갔습니다.
2021-08-23 19:39:09   :KRW-MOC 샀습니다.
2021-08-25 08:24:21   :7.674418604651166 때 들어갔습니다.
2021-08-25 08:24:21   :KRW-POWR 샀습니다.
2021-08-25 08:29:56   :KRW-POWR 팔았습니다.
2021-08-25 08:29:56   :이윤은 -5.615550755939523 입니다
2021-08-25 09:00:34   :15.909090909090907 때 들어갔습니다.
2021-08-25 09:00:34   :KRW-AERGO 샀습니다.
2021-08-25 09:21:47   :6.100478468899524 때 들어갔습니다.
2021-08-25 09:21:47   :KRW-SSX 샀습니다.
2021-08-25 09:23:17   :KRW-SSX 팔았습니다.
2021-08-25 09:23:17   :이윤은 -5.411499436302151 입니다
2021-08-25 09:25:04   :6.504065040650403 때 들어갔습니다.
2021-08-25 09:25:04   :KRW-LOOM 샀습니다.
2021-08-25 09:42:00   :KRW-LOOM 팔았습니다.
2021-08-25 09:42:00   :이윤은 -5.426356589147289 입니다
2021-08-25 09:43:46   :5.664687071722241 때 들어갔습니다.
2021-08-25 09:43:46   :KRW-BCHA 샀습니다.
2021-08-25 09:47:11   :KRW-BCHA 팔았습니다.
2021-08-25 09:47:11   :이윤은 -5.201378419125561 입니다
2021-08-25 10:51:22   :6.588235294117652 때 들어갔습니다.
2021-08-25 10:51:22   :KRW-ELF 샀습니다.
2021-08-25 10:56:56   :KRW-ELF 팔았습니다.
2021-08-25 10:56:56   :이윤은 -5.111111111111114 입니다
2021-08-26 08:57:30   :5.019305019305023 때 들어갔습니다.
2021-08-26 08:57:30   :KRW-SC 샀습니다.
2021-08-26 09:02:47   :KRW-SC 팔았습니다.
2021-08-26 09:02:47   :이윤은 -5.109489051094883 입니다
2021-08-26 09:03:16   :31.192660550458726 때 들어갔습니다.
2021-08-26 09:03:16   :KRW-STORJ 샀습니다.
2021-08-26 09:04:14   :KRW-STORJ 팔았습니다.
2021-08-26 09:04:14   :이윤은 -5.022831050228305 입니다
2021-08-26 09:12:36   :7.684265551489801 때 들어갔습니다.
2021-08-26 09:12:36   :KRW-SBD 샀습니다.
2021-08-26 09:13:40   :KRW-SBD 팔았습니다.
2021-08-26 09:13:40   :이윤은 -5.057803468208093 입니다
2021-08-26 09:17:22   :5.612586476232977 때 들어갔습니다.
2021-08-26 09:17:22   :KRW-BCHA 샀습니다.
2021-08-26 10:16:47   :KRW-BCHA 팔았습니다.
2021-08-26 10:16:47   :이윤은 -5.029461279461273 입니다
